// Jest Snapshot v1, https://goo.gl/fbAQLP

exports[`LoanInformationScreen should render correctly and match the snapshot 1`] = `
<View
  style={
    Object {
      "backgroundColor": "rgb(242, 242, 242)",
    }
  }
>
  <RCTSafeAreaView
    emulateUnlessSupported={true}
    style={
      Object {
        "paddingTop": null,
      }
    }
  >
    <View
      style={
        Object {
          "backgroundColor": "#ffffff",
          "borderColor": "#e1e8ee",
          "borderWidth": 1,
          "margin": 15,
          "marginBottom": 0,
          "padding": 15,
          "shadowColor": "rgba(0,0,0, .2)",
          "shadowOffset": Object {
            "height": 0,
            "width": 0,
          },
          "shadowOpacity": 1,
          "shadowRadius": 1,
        }
      }
    >
      <View
        style={
          Object {
            "backgroundColor": "transparent",
          }
        }
      >
        <Text
          style={
            Object {
              "color": "#43484d",
              "fontSize": 17.5,
              "fontWeight": "bold",
              "marginBottom": 15,
              "textAlign": "center",
            }
          }
          testID="loanInformationTitle"
        >
          Loan
        </Text>
        <View
          style={
            Object {
              "backgroundColor": "#bcbbc1",
              "height": 0.5,
              "marginBottom": 15,
            }
          }
        />
        <Text
          style={
            Object {
              "color": "#242424",
              "marginBottom": 4,
            }
          }
          testID="loanAmount"
        >
          <Text
            style={
              Object {
                "color": "#242424",
                "fontWeight": "bold",
              }
            }
          >
            Amount: 
          </Text>
          30,000,000
           VND
        </Text>
        <Text
          style={
            Object {
              "color": "#242424",
              "marginBottom": 4,
            }
          }
          testID="loanTerm"
        >
          <Text
            style={
              Object {
                "color": "#242424",
                "fontWeight": "bold",
              }
            }
          >
            Term: 
          </Text>
          09/09/2020
        </Text>
        <Text
          style={
            Object {
              "color": "#242424",
              "marginBottom": 4,
            }
          }
          testID="weeklyAmount"
        >
          <Text
            style={
              Object {
                "color": "#242424",
                "fontWeight": "bold",
              }
            }
          >
            Weekly amount: 
          </Text>
          2,000,000
           VND
        </Text>
      </View>
    </View>
    <View
      style={
        Object {
          "backgroundColor": "#ffffff",
          "borderColor": "#e1e8ee",
          "borderWidth": 1,
          "margin": 15,
          "marginBottom": 0,
          "padding": 15,
          "shadowColor": "rgba(0,0,0, .2)",
          "shadowOffset": Object {
            "height": 0,
            "width": 0,
          },
          "shadowOpacity": 1,
          "shadowRadius": 1,
        }
      }
    >
      <View
        style={
          Object {
            "backgroundColor": "transparent",
          }
        }
      >
        <Text
          style={
            Object {
              "color": "#43484d",
              "fontSize": 17.5,
              "fontWeight": "bold",
              "marginBottom": 15,
              "textAlign": "center",
            }
          }
          testID="recentRepaymentTitle"
        >
          Recent repayments
        </Text>
        <View
          style={
            Object {
              "backgroundColor": "#bcbbc1",
              "height": 0.5,
              "marginBottom": 15,
            }
          }
        />
        <RCTScrollView
          data={
            Array [
              Object {
                "amount": 2000000,
                "repaymentsAt": 2020-09-08T17:00:00.000Z,
              },
            ]
          }
          disableVirtualization={false}
          getItem={[Function]}
          getItemCount={[Function]}
          horizontal={false}
          initialNumToRender={10}
          keyExtractor={[Function]}
          maxToRenderPerBatch={10}
          onContentSizeChange={[Function]}
          onEndReachedThreshold={2}
          onLayout={[Function]}
          onMomentumScrollEnd={[Function]}
          onScroll={[Function]}
          onScrollBeginDrag={[Function]}
          onScrollEndDrag={[Function]}
          removeClippedSubviews={false}
          renderItem={[Function]}
          scrollEventThrottle={50}
          stickyHeaderIndices={Array []}
          updateCellsBatchingPeriod={50}
          viewabilityConfigCallbackPairs={Array []}
          windowSize={21}
        >
          <View>
            <View
              onLayout={[Function]}
              style={null}
            >
              <View
                testID="recentRepaymentItem"
              >
                <View
                  style={
                    Object {
                      "alignItems": "center",
                      "backgroundColor": "#ffffff",
                      "borderColor": "#bcbbc1",
                      "flexDirection": "row",
                      "padding": 14,
                    }
                  }
                  testID="padView"
                >
                  <View
                    style={
                      Object {
                        "alignItems": "flex-start",
                        "flex": 1,
                        "justifyContent": "center",
                      }
                    }
                    theme={
                      Object {
                        "colors": Object {
                          "black": "#242424",
                          "disabled": "hsl(208, 8%, 90%)",
                          "divider": "#bcbbc1",
                          "error": "#ff190c",
                          "grey0": "#393e42",
                          "grey1": "#43484d",
                          "grey2": "#5e6977",
                          "grey3": "#86939e",
                          "grey4": "#bdc6cf",
                          "grey5": "#e1e8ee",
                          "greyOutline": "#bbb",
                          "platform": Object {
                            "android": Object {
                              "error": "#f44336",
                              "grey": "rgba(0, 0, 0, 0.54)",
                              "primary": "#2196f3",
                              "secondary": "#9C27B0",
                              "success": "#4caf50",
                              "warning": "#ffeb3b",
                            },
                            "ios": Object {
                              "error": "#ff3b30",
                              "grey": "#7d7d7d",
                              "primary": "#007aff",
                              "searchBg": "#dcdce1",
                              "secondary": "#5856d6",
                              "success": "#4cd964",
                              "warning": "#ffcc00",
                            },
                          },
                          "primary": "#2089dc",
                          "searchBg": "#303337",
                          "secondary": "#ca71eb",
                          "success": "#52c41a",
                          "warning": "#faad14",
                          "white": "#ffffff",
                        },
                      }
                    }
                  >
                    <Text
                      style={
                        Object {
                          "backgroundColor": "transparent",
                          "color": "#242424",
                          "fontSize": 15,
                        }
                      }
                      testID="listItemTitle"
                    >
                      <Text
                        style={
                          Object {
                            "color": "#242424",
                            "marginBottom": 4,
                          }
                        }
                        testID="recentRepaymentsAt"
                      >
                        09/09/2020
                      </Text>
                    </Text>
                    <Text
                      style={
                        Object {
                          "backgroundColor": "transparent",
                          "color": "#242424",
                          "fontSize": 17,
                        }
                      }
                      testID="listItemTitle"
                    >
                      <Text
                        style={
                          Object {
                            "color": "#242424",
                            "marginBottom": 4,
                          }
                        }
                        testID="recentRepaymentAmount"
                      >
                        <Text
                          style={
                            Object {
                              "color": "#242424",
                              "fontWeight": "bold",
                            }
                          }
                        >
                          Amount: 
                        </Text>
                        2,000,000
                         VND
                      </Text>
                    </Text>
                  </View>
                </View>
              </View>
            </View>
          </View>
        </RCTScrollView>
      </View>
    </View>
  </RCTSafeAreaView>
</View>
`;
