// Jest Snapshot v1, https://goo.gl/fbAQLP

exports[`App should render correctly 1`] = `
<Provider
  store={
    Object {
      "dispatch": [Function],
      "getState": [Function],
      "replaceReducer": [Function],
      "subscribe": [Function],
      Symbol(observable): [Function],
    }
  }
>
  <PersistGate
    loading={
      <ActivityIndicator
        animating={true}
        color="#999999"
        hidesWhenStopped={true}
        size="small"
      />
    }
    persistor={
      Object {
        "dispatch": [Function],
        "flush": [Function],
        "getState": [Function],
        "pause": [Function],
        "persist": [Function],
        "purge": [Function],
        "replaceReducer": [Function],
        "subscribe": [Function],
        Symbol(observable): [Function],
      }
    }
  >
    <ThemeProvider
      theme={
        Object {
          "ListItemSubtitle": Object {
            "style": Object {
              "fontSize": 12,
            },
          },
          "ListItemTitle": Object {
            "style": Object {
              "fontSize": 13,
            },
          },
          "colors": Object {
            "black": "#242424",
            "disabled": "hsl(208, 8%, 90%)",
            "divider": "#bcbbc1",
            "error": "#ff190c",
            "grey0": "#393e42",
            "grey1": "#43484d",
            "grey2": "#5e6977",
            "grey3": "#86939e",
            "grey4": "#bdc6cf",
            "grey5": "#e1e8ee",
            "greyOutline": "#bbb",
            "platform": Object {
              "android": Object {
                "error": "#f44336",
                "grey": "rgba(0, 0, 0, 0.54)",
                "primary": "#2196f3",
                "secondary": "#9C27B0",
                "success": "#4caf50",
                "warning": "#ffeb3b",
              },
              "ios": Object {
                "error": "#ff3b30",
                "grey": "#7d7d7d",
                "primary": "#007aff",
                "searchBg": "#dcdce1",
                "secondary": "#5856d6",
                "success": "#4cd964",
                "warning": "#ffcc00",
              },
            },
            "primary": "#2089dc",
            "searchBg": "#303337",
            "secondary": "#ca71eb",
            "success": "#52c41a",
            "warning": "#faad14",
            "white": "#ffffff",
          },
        }
      }
      useDark={false}
    >
      <AppNavigator />
    </ThemeProvider>
  </PersistGate>
</Provider>
`;
